// Jest Snapshot v1, https://goo.gl/fbAQLP

exports[`match snapshot 1`] = `
<div
  className="app"
>
  <div
    className="section"
  >
    <h1
      className="heading"
    >
      React App Skelaton
    </h1>
    <div
      className="inner"
    >
      <p
        className="small-text"
      >
        A very powerful alternative to create react app
      </p>
    </div>
  </div>
</div>
`;
